'JSP.Problem000433.extremal_admissible' depends on axioms: [propext, Classical.choice, Quot.sound]
'JSP.Problem000433.extremal_sum' depends on axioms: [propext, Classical.choice, Quot.sound]
'JSP.Problem000433.sharp_lower_bound' depends on axioms: [propext, Classical.choice, Quot.sound]
'JSP.Problem000433.sum_div_le' depends on axioms: [propext, Classical.choice, Quot.sound]
'JSP.Problem000433.reciprocalSum_lt_two' depends on axioms: [propext, Classical.choice, Quot.sound]
'JSP.Problem000433.sharp_bound_of_card_le_three' depends on axioms: [propext, Classical.choice, Quot.sound]
'JSP.Problem000433.sharp_bound_of_le_five' depends on axioms: [propext, Classical.choice, Quot.sound]
'JSP.Problem000433.reciprocalSum_le_harmonicCertificate' depends on axioms: [propext, Classical.choice, Quot.sound]
'JSP.Problem000433.sharpBound_of_harmonicCertificate' depends on axioms: [propext, Classical.choice, Quot.sound]
'JSP.Problem000433.coverage_through_fifty_eight' depends on axioms: [propext, Classical.choice, Quot.sound]
'JSP.Problem000433.finiteBoundVerifier_sound' depends on axioms: [propext, Classical.choice, Quot.sound]
'JSP.Problem000433.sharp_bound_at_small_exceptions' depends on axioms: [propext, Classical.choice, Quot.sound]
'JSP.Problem000433.certificate_through_365' depends on axioms: [propext, Classical.choice, Quot.sound]
'JSP.Problem000433.sharp_bound_through_365' depends on axioms: [propext, Classical.choice, Quot.sound]
'JSP.Problem000433.harmonic_log_error' depends on axioms: [propext, Classical.choice, Quot.sound]
'JSP.Problem000433.sharp_bound_endpoint61' depends on axioms: [propext, Classical.choice, Quot.sound]
'JSP.Problem000433.sharp_bound_endpoint62' depends on axioms: [propext, Classical.choice, Quot.sound]
'JSP.Problem000433.coefficient_grouped' depends on axioms: [propext, Classical.choice, Quot.sound]
'JSP.Problem000433.coefficientLimit_bounds' depends on axioms: [propext, Classical.choice, Quot.sound]
'JSP.Problem000433.harmonic_floor_log_error' depends on axioms: [propext, Classical.choice, Quot.sound]
'JSP.Problem000433.harmonic_block_log_error' depends on axioms: [propext, Classical.choice, Quot.sound]
'JSP.Problem000433.coefficient_global_error' depends on axioms: [propext, Classical.choice, Quot.sound]
'JSP.Problem000433.coefficient_bounds_large' depends on axioms: [propext, Classical.choice, Quot.sound]
'JSP.Problem000433.integerCertificate_bounds' depends on axioms: [propext, Classical.choice, Quot.sound]
'JSP.Problem000433.certificate_of_integer' depends on axioms: [propext, Classical.choice, Quot.sound]
'JSP.Problem000433.coefficient_bounds_middle' depends on axioms: [propext, Classical.choice, Quot.sound]
'JSP.Problem000433.coefficient_lower' depends on axioms: [propext, Classical.choice, Quot.sound]
'JSP.Problem000433.coefficient_upper' depends on axioms: [propext, Classical.choice, Quot.sound]
'JSP.Problem000433.sharp_bound_at_exceptions' depends on axioms: [propext, Classical.choice, Quot.sound]
'JSP.Problem000433.jsp_000433' depends on axioms: [propext, Classical.choice, Quot.sound]
'JSP.Problem000433.jsp_000433_real' depends on axioms: [propext, Classical.choice, Quot.sound]
'JSP.Problem000433.optimal_constant' depends on axioms: [propext, Classical.choice, Quot.sound]
PASS: 33 input hashes, 28 proof modules, 32 recursive axiom reports
